// Jest Snapshot v1, https://goo.gl/fbAQLP

exports[`Content Visibility Plugin check responsive variants: responsive variants 1`] = `
"@media (min-width: 640px) {
  .sm\\\\:content-auto {
    content-visibility: auto;
  }
  .sm\\\\:intrinsic-size-200 {
    contain-intrinsic-size: 200px;
  }
}
@media (min-width: 768px) {
  .md\\\\:content-visible {
    content-visibility: visible;
  }
  .md\\\\:intrinsic-size-350 {
    contain-intrinsic-size: 350px;
  }
}
@media (min-width: 1024px) {
  .lg\\\\:content-hidden {
    content-visibility: hidden;
  }
  .lg\\\\:intrinsic-size-525 {
    contain-intrinsic-size: 525px;
  }
}
@media (min-width: 1280px) {
  .xl\\\\:content-auto {
    content-visibility: auto;
  }
  .xl\\\\:intrinsic-size-700 {
    contain-intrinsic-size: 700px;
  }
}"
`;

exports[`Content Visibility Plugin generate contain-intrinsic-size correctly: contain-intrinsic-size 1`] = `
".intrinsic-size-200 {
  contain-intrinsic-size: 200px;
}
.intrinsic-size-350 {
  contain-intrinsic-size: 350px;
}
.intrinsic-size-525 {
  contain-intrinsic-size: 525px;
}
.intrinsic-size-1200 {
  contain-intrinsic-size: 1200px;
}
.intrinsic-size-9999 {
  contain-intrinsic-size: 9999px;
}"
`;

exports[`Content Visibility Plugin should generate content-visibility properties correctly: content-visibility 1`] = `
".content-auto {
  content-visibility: auto;
}
.content-visible {
  content-visibility: visible;
}
.content-hidden {
  content-visibility: hidden;
}"
`;
